// Jest Snapshot v1, https://goo.gl/fbAQLP

exports[`Errors Validation Error 1`] = `
"Module build failed (from <PROJECT_ROOT>/src/index.js):
ValidationError: URL Loader Invalid Options

options.limit should be string,number

    at validateOptions (<PROJECT_ROOT>/node_modules/schema-utils/src/validateOptions.js:32:11)
    at Object.loader (<PROJECT_ROOT>/src/index.js:21:3)"
`;
