// Jest Snapshot v1, https://goo.gl/fbAQLP

exports[`validate options should throw an error on the "esModule" option with "true" value 1`] = `
"Invalid options object. URL Loader has been initialized using an options object that does not match the API schema.
 - options.esModule should be a boolean.
   -> By default, url-loader generates JS modules that use the ES modules syntax."
`;

exports[`validate options should throw an error on the "fallback" option with "true" value 1`] = `
"Invalid options object. URL Loader has been initialized using an options object that does not match the API schema.
 - options.fallback should be one of these:
   string | object { loader?, options? }
   -> An alternative loader to use when a target file's size exceeds the limit set in the limit option (https://github.com/webpack-contrib/url-loader#fallback).
   Details:
    * options.fallback should be a string.
    * options.fallback should be an object:
      object { loader?, options? }"
`;

exports[`validate options should throw an error on the "limit" option with "[]" value 1`] = `
"Invalid options object. URL Loader has been initialized using an options object that does not match the API schema.
 - options.limit should be:
   boolean | number | string
   -> Enables/Disables transformation target file into base64 URIs (https://github.com/webpack-contrib/url-loader#limit)."
`;

exports[`validate options should throw an error on the "limit" option with "{}" value 1`] = `
"Invalid options object. URL Loader has been initialized using an options object that does not match the API schema.
 - options.limit should be:
   boolean | number | string
   -> Enables/Disables transformation target file into base64 URIs (https://github.com/webpack-contrib/url-loader#limit)."
`;

exports[`validate options should throw an error on the "mimetype" option with "() => {}" value 1`] = `
"Invalid options object. URL Loader has been initialized using an options object that does not match the API schema.
 - options.mimetype should be one of these:
   boolean | string
   -> The MIME type for the file to be transformed (https://github.com/webpack-contrib/url-loader#mimetype).
   Details:
    * options.mimetype should be a boolean.
    * options.mimetype should be a string."
`;
